main.c:50:6:printmsg	16	static
main.c:58:5:main	8	static
main.c:104:6:SystemClockConfig	80	static
main.c:177:6:Error_handler	4	static
main.c:187:6:GPIO_Init	64	static
main.c:225:6:MX_USART2_UART_Init	8	static
main.c:253:6:HAL_GPIO_EXTI_Callback	16	static
main.c:260:6:CAN_Init	8	static
main.c:287:6:CAN_Tx	4	static
main.c:294:6:CAN_Rx	48	static
main.c:312:6:CAN_Filter_Config	48	static
main.c:338:6:HAL_CAN_TxMailbox0CompleteCallback	16	static
main.c:349:6:HAL_CAN_TxMailbox1CompleteCallback	16	static
main.c:360:6:HAL_CAN_TxMailbox2CompleteCallback	16	static
main.c:365:6:HAL_CAN_RxFifo0MsgPendingCallback	16	static
main.c:406:6:HAL_CAN_ErrorCallback	16	static
main.c:413:6:TIMER2_Init	8	static
main.c:427:6:HAL_TIM_PeriodElapsedCallback	16	static
main.c:435:6:Send_response	48	static
main.c:453:6:LED_Manage_Output	16	static
