main.c:82:6:printmsg	16	static
main.c:92:5:main	8	static
main.c:145:6:SystemClockConfig	80	static
main.c:218:6:Error_handler	4	static
main.c:228:6:GPIO_Init	32	static
main.c:284:6:MX_USART2_UART_Init	8	static
main.c:312:6:HAL_GPIO_EXTI_Callback	56	static
main.c:437:6:CAN_Init	8	static
main.c:464:6:CAN_Tx	40	static
main.c:490:6:CAN_TxADC	40	static
main.c:514:6:CAN_TxADC1	40	static
main.c:538:6:CAN_Rx	48	static
main.c:556:6:CAN_Filter_Config	48	static
main.c:582:6:HAL_CAN_TxMailbox0CompleteCallback	16	static
main.c:593:6:HAL_CAN_TxMailbox1CompleteCallback	16	static
main.c:604:6:HAL_CAN_TxMailbox2CompleteCallback	16	static
main.c:609:6:HAL_CAN_RxFifo0MsgPendingCallback	24	static
main.c:636:6:HAL_CAN_ErrorCallback	16	static
main.c:643:6:TIMER2_Init	8	static
main.c:659:6:HAL_TIM_PeriodElapsedCallback	32	static
main.c:675:6:HAL_ADC_ConvCpltCallback	32	static
main.c:709:6:TIMER3_Init	8	static
main.c:728:6:HAL_UART_RxCpltCallback	16	static
main.c:735:6:CAN_Tx_Uart	16	static
main.c:747:13:MX_ADC1_Init	24	static
